emu: ⭐ VIDEO3 - video3/docs/plan.md's card, not video/'s
         0.000 s  prog $00  frames 0  ck 0
         5.000 s  prog $00  frames 0  ck 6168
        10.000 s  prog $00  frames 109  ck 6168
        15.000 s  prog $00  frames 408  ck 6168
        20.000 s  prog $00  frames 708  ck 6168
        25.000 s  prog $00  frames 1008  ck 6168
        30.000 s  prog $00  frames 1308  ck 6168
        35.000 s  prog $00  frames 1607  ck 6168
        40.000 s  prog $00  frames 1907  ck 6168
        45.000 s  prog $00  frames 2207  ck 6168
        50.000 s  prog $00  frames 2506  ck 6168
        55.000 s  prog $00  frames 2806  ck 6168
        60.000 s  prog $00  frames 3106  ck 6168
        65.000 s  prog $00  frames 3406  ck 6168
        70.000 s  prog $00  frames 3707  ck 6168
        75.000 s  prog $00  frames 4058  ck 6168
        80.000 s  prog $00  frames 4408  ck 6168
        85.000 s  prog $00  frames 4758  ck 6168
        90.000 s  prog $00  frames 5109  ck 6168
        95.000 s  prog $00  frames 5459  ck 6168
       100.000 s  prog $00  frames 5810  ck 6168
       105.000 s  prog $00  frames 6160  ck 6168
       110.000 s  prog $00  frames 6511  ck 6168
       115.000 s  prog $00  frames 6861  ck 6168
       120.000 s  prog $00  frames 7212  ck 6168
       125.000 s  prog $00  frames 7562  ck 6168
       130.000 s  prog $00  frames 7912  ck 6168
       135.000 s  prog $00  frames 8263  ck 6168
       140.000 s  prog $00  frames 8613  ck 6168
       145.000 s  prog $00  frames 8964  ck 6168
       150.000 s  prog $00  frames 9271  ck 6168
       155.000 s  prog $00  frames 9569  ck 6168
       160.000 s  prog $00  frames 9869  ck 6168
       165.000 s  prog $00  frames 10169  ck 6168
       170.000 s  prog $00  frames 10468  ck 6168
       175.000 s  prog $00  frames 10768  ck 6168
       180.000 s  prog $00  frames 11068  ck 6168
       185.000 s  prog $00  frames 11367  ck 6168
       190.000 s  prog $00  frames 11667  ck 6168
       195.000 s  prog $00  frames 11967  ck 6168
       200.000 s  prog $00  frames 12267  ck 6168
       205.000 s  prog $00  frames 12566  ck 6168
       210.000 s  prog $00  frames 12866  ck 6168
       215.000 s  prog $00  frames 13166  ck 6168
       220.000 s  prog $00  frames 13465  ck 6168
       225.000 s  prog $00  frames 13765  ck 6168
       230.000 s  prog $00  frames 14065  ck 6168
       235.000 s  prog $00  frames 14122  ck 6168
       240.000 s  prog $00  frames 14122  ck 6168
       245.000 s  prog $00  frames 14387  ck 6168
       250.000 s  prog $00  frames 14687  ck 6168
       255.000 s  prog $00  frames 14986  ck 6168
       260.000 s  prog $00  frames 15286  ck 6168
       265.000 s  prog $00  frames 15586  ck 6168
       270.000 s  prog $00  frames 15885  ck 6168
       275.000 s  prog $00  frames 16185  ck 6168
       280.000 s  prog $00  frames 16485  ck 6168
       285.000 s  prog $00  frames 16785  ck 6168
       290.000 s  prog $00  frames 17084  ck 6168
       295.000 s  prog $00  frames 17384  ck 6168
       300.000 s  prog $00  frames 17684  ck 6168
       305.000 s  prog $00  frames 17983  ck 6168
       310.000 s  prog $00  frames 18283  ck 6168
       315.000 s  prog $00  frames 18583  ck 6168
       320.000 s  prog $00  frames 18882  ck 6168
       325.000 s  prog $00  frames 19182  ck 6168
       330.000 s  prog $00  frames 19482  ck 6168
       335.000 s  prog $00  frames 19508  ck 6168
       340.000 s  prog $00  frames 19520  ck 6168
       345.000 s  prog $00  frames 19820  ck 6168
       350.000 s  prog $00  frames 20136  ck 6168
       355.000 s  prog $00  frames 20486  ck 6168
       360.000 s  prog $00  frames 20837  ck 6168
       365.000 s  prog $00  frames 21187  ck 6168
       370.000 s  prog $00  frames 21538  ck 6168
       375.000 s  prog $00  frames 21828  ck 6168
       377.487 s  SERIAL_STOP seen
emu: 21977 frames, progress $00, 377.5 s of machine, 0 register writes under a list, 0 under a span
